------------------------------------------------------------
Timing Analyzer Summary
------------------------------------------------------------

Type  : Slow 1200mV 85C Model Setup 'n/a'
Slack : -5.740
TNS   : -357.044

Type  : Slow 1200mV 85C Model Setup 'The_System|system_pll|sys_pll|PLL_for_DE_Series_Boards|auto_generated|pll1|clk[0]'
Slack : -1.616
TNS   : -24.506

Type  : Slow 1200mV 85C Model Setup 'TD_CLK27'
Slack : 32.363
TNS   : 0.000

Type  : Slow 1200mV 85C Model Setup 'altera_reserved_tck'
Slack : 40.864
TNS   : 0.000

Type  : Slow 1200mV 85C Model Hold 'The_System|system_pll|sys_pll|PLL_for_DE_Series_Boards|auto_generated|pll1|clk[0]'
Slack : 0.326
TNS   : 0.000

Type  : Slow 1200mV 85C Model Hold 'TD_CLK27'
Slack : 0.398
TNS   : 0.000

Type  : Slow 1200mV 85C Model Hold 'altera_reserved_tck'
Slack : 0.443
TNS   : 0.000

Type  : Slow 1200mV 85C Model Recovery 'The_System|system_pll|sys_pll|PLL_for_DE_Series_Boards|auto_generated|pll1|clk[0]'
Slack : 11.925
TNS   : 0.000

Type  : Slow 1200mV 85C Model Recovery 'altera_reserved_tck'
Slack : 47.483
TNS   : 0.000

Type  : Slow 1200mV 85C Model Removal 'The_System|system_pll|sys_pll|PLL_for_DE_Series_Boards|auto_generated|pll1|clk[0]'
Slack : 1.151
TNS   : 0.000

Type  : Slow 1200mV 85C Model Removal 'altera_reserved_tck'
Slack : 1.178
TNS   : 0.000

Type  : Slow 1200mV 85C Model Minimum Pulse Width 'clk_dram'
Slack : 5.519
TNS   : 0.000

Type  : Slow 1200mV 85C Model Minimum Pulse Width 'The_System|system_pll|sys_pll|PLL_for_DE_Series_Boards|auto_generated|pll1|clk[0]'
Slack : 9.542
TNS   : 0.000

Type  : Slow 1200mV 85C Model Minimum Pulse Width 'CLOCK_50'
Slack : 9.891
TNS   : 0.000

Type  : Slow 1200mV 85C Model Minimum Pulse Width 'The_System|system_pll|sys_pll|PLL_for_DE_Series_Boards|auto_generated|pll1|clk[1]'
Slack : 9.911
TNS   : 0.000

Type  : Slow 1200mV 85C Model Minimum Pulse Width 'TD_CLK27'
Slack : 18.165
TNS   : 0.000

Type  : Slow 1200mV 85C Model Minimum Pulse Width 'clk_vga'
Slack : 35.233
TNS   : 0.000

Type  : Slow 1200mV 85C Model Minimum Pulse Width 'altera_reserved_tck'
Slack : 49.503
TNS   : 0.000

Type  : Slow 1200mV 0C Model Setup 'n/a'
Slack : -5.167
TNS   : -327.304

Type  : Slow 1200mV 0C Model Setup 'The_System|system_pll|sys_pll|PLL_for_DE_Series_Boards|auto_generated|pll1|clk[0]'
Slack : -1.401
TNS   : -21.159

Type  : Slow 1200mV 0C Model Setup 'TD_CLK27'
Slack : 32.618
TNS   : 0.000

Type  : Slow 1200mV 0C Model Setup 'altera_reserved_tck'
Slack : 41.414
TNS   : 0.000

Type  : Slow 1200mV 0C Model Hold 'The_System|system_pll|sys_pll|PLL_for_DE_Series_Boards|auto_generated|pll1|clk[0]'
Slack : 0.310
TNS   : 0.000

Type  : Slow 1200mV 0C Model Hold 'TD_CLK27'
Slack : 0.383
TNS   : 0.000

Type  : Slow 1200mV 0C Model Hold 'altera_reserved_tck'
Slack : 0.393
TNS   : 0.000

Type  : Slow 1200mV 0C Model Recovery 'The_System|system_pll|sys_pll|PLL_for_DE_Series_Boards|auto_generated|pll1|clk[0]'
Slack : 12.493
TNS   : 0.000

Type  : Slow 1200mV 0C Model Recovery 'altera_reserved_tck'
Slack : 47.768
TNS   : 0.000

Type  : Slow 1200mV 0C Model Removal 'The_System|system_pll|sys_pll|PLL_for_DE_Series_Boards|auto_generated|pll1|clk[0]'
Slack : 1.065
TNS   : 0.000

Type  : Slow 1200mV 0C Model Removal 'altera_reserved_tck'
Slack : 1.086
TNS   : 0.000

Type  : Slow 1200mV 0C Model Minimum Pulse Width 'clk_dram'
Slack : 5.519
TNS   : 0.000

Type  : Slow 1200mV 0C Model Minimum Pulse Width 'The_System|system_pll|sys_pll|PLL_for_DE_Series_Boards|auto_generated|pll1|clk[0]'
Slack : 9.573
TNS   : 0.000

Type  : Slow 1200mV 0C Model Minimum Pulse Width 'CLOCK_50'
Slack : 9.882
TNS   : 0.000

Type  : Slow 1200mV 0C Model Minimum Pulse Width 'The_System|system_pll|sys_pll|PLL_for_DE_Series_Boards|auto_generated|pll1|clk[1]'
Slack : 9.912
TNS   : 0.000

Type  : Slow 1200mV 0C Model Minimum Pulse Width 'TD_CLK27'
Slack : 18.157
TNS   : 0.000

Type  : Slow 1200mV 0C Model Minimum Pulse Width 'clk_vga'
Slack : 35.233
TNS   : 0.000

Type  : Slow 1200mV 0C Model Minimum Pulse Width 'altera_reserved_tck'
Slack : 49.380
TNS   : 0.000

Type  : Fast 1200mV 0C Model Setup 'n/a'
Slack : -3.207
TNS   : -173.291

Type  : Fast 1200mV 0C Model Setup 'The_System|system_pll|sys_pll|PLL_for_DE_Series_Boards|auto_generated|pll1|clk[0]'
Slack : -1.342
TNS   : -20.454

Type  : Fast 1200mV 0C Model Setup 'TD_CLK27'
Slack : 35.010
TNS   : 0.000

Type  : Fast 1200mV 0C Model Setup 'altera_reserved_tck'
Slack : 46.292
TNS   : 0.000

Type  : Fast 1200mV 0C Model Hold 'The_System|system_pll|sys_pll|PLL_for_DE_Series_Boards|auto_generated|pll1|clk[0]'
Slack : 0.097
TNS   : 0.000

Type  : Fast 1200mV 0C Model Hold 'TD_CLK27'
Slack : 0.138
TNS   : 0.000

Type  : Fast 1200mV 0C Model Hold 'altera_reserved_tck'
Slack : 0.180
TNS   : 0.000

Type  : Fast 1200mV 0C Model Recovery 'The_System|system_pll|sys_pll|PLL_for_DE_Series_Boards|auto_generated|pll1|clk[0]'
Slack : 16.042
TNS   : 0.000

Type  : Fast 1200mV 0C Model Recovery 'altera_reserved_tck'
Slack : 49.171
TNS   : 0.000

Type  : Fast 1200mV 0C Model Removal 'The_System|system_pll|sys_pll|PLL_for_DE_Series_Boards|auto_generated|pll1|clk[0]'
Slack : 0.488
TNS   : 0.000

Type  : Fast 1200mV 0C Model Removal 'altera_reserved_tck'
Slack : 0.498
TNS   : 0.000

Type  : Fast 1200mV 0C Model Minimum Pulse Width 'clk_dram'
Slack : 6.000
TNS   : 0.000

Type  : Fast 1200mV 0C Model Minimum Pulse Width 'CLOCK_50'
Slack : 9.400
TNS   : 0.000

Type  : Fast 1200mV 0C Model Minimum Pulse Width 'The_System|system_pll|sys_pll|PLL_for_DE_Series_Boards|auto_generated|pll1|clk[0]'
Slack : 9.750
TNS   : 0.000

Type  : Fast 1200mV 0C Model Minimum Pulse Width 'The_System|system_pll|sys_pll|PLL_for_DE_Series_Boards|auto_generated|pll1|clk[1]'
Slack : 9.946
TNS   : 0.000

Type  : Fast 1200mV 0C Model Minimum Pulse Width 'TD_CLK27'
Slack : 17.727
TNS   : 0.000

Type  : Fast 1200mV 0C Model Minimum Pulse Width 'clk_vga'
Slack : 35.714
TNS   : 0.000

Type  : Fast 1200mV 0C Model Minimum Pulse Width 'altera_reserved_tck'
Slack : 49.299
TNS   : 0.000

------------------------------------------------------------
