------------------------------------------------------------
Timing Analyzer Summary
------------------------------------------------------------

Type  : Slow 1200mV 85C Model Setup 'n/a'
Slack : -5.740
TNS   : -357.044

Type  : Slow 1200mV 85C Model Setup 'The_System|system_pll|sys_pll|PLL_for_DE_Series_Boards|auto_generated|pll1|clk[0]'
Slack : -1.616
TNS   : -24.506

Type  : Slow 1200mV 85C Model Setup 'TD_CLK27'
Slack : 31.681
TNS   : 0.000

Type  : Slow 1200mV 85C Model Setup 'altera_reserved_tck'
Slack : 41.600
TNS   : 0.000

Type  : Slow 1200mV 85C Model Hold 'The_System|system_pll|sys_pll|PLL_for_DE_Series_Boards|auto_generated|pll1|clk[0]'
Slack : 0.366
TNS   : 0.000

Type  : Slow 1200mV 85C Model Hold 'TD_CLK27'
Slack : 0.393
TNS   : 0.000

Type  : Slow 1200mV 85C Model Hold 'altera_reserved_tck'
Slack : 0.425
TNS   : 0.000

Type  : Slow 1200mV 85C Model Recovery 'The_System|system_pll|sys_pll|PLL_for_DE_Series_Boards|auto_generated|pll1|clk[0]'
Slack : 12.336
TNS   : 0.000

Type  : Slow 1200mV 85C Model Recovery 'altera_reserved_tck'
Slack : 45.886
TNS   : 0.000

Type  : Slow 1200mV 85C Model Removal 'The_System|system_pll|sys_pll|PLL_for_DE_Series_Boards|auto_generated|pll1|clk[0]'
Slack : 1.149
TNS   : 0.000

Type  : Slow 1200mV 85C Model Removal 'altera_reserved_tck'
Slack : 1.666
TNS   : 0.000

Type  : Slow 1200mV 85C Model Minimum Pulse Width 'clk_dram'
Slack : 5.519
TNS   : 0.000

Type  : Slow 1200mV 85C Model Minimum Pulse Width 'The_System|system_pll|sys_pll|PLL_for_DE_Series_Boards|auto_generated|pll1|clk[0]'
Slack : 9.542
TNS   : 0.000

Type  : Slow 1200mV 85C Model Minimum Pulse Width 'CLOCK_50'
Slack : 9.891
TNS   : 0.000

Type  : Slow 1200mV 85C Model Minimum Pulse Width 'The_System|system_pll|sys_pll|PLL_for_DE_Series_Boards|auto_generated|pll1|clk[1]'
Slack : 9.911
TNS   : 0.000

Type  : Slow 1200mV 85C Model Minimum Pulse Width 'TD_CLK27'
Slack : 18.165
TNS   : 0.000

Type  : Slow 1200mV 85C Model Minimum Pulse Width 'clk_vga'
Slack : 35.233
TNS   : 0.000

Type  : Slow 1200mV 85C Model Minimum Pulse Width 'altera_reserved_tck'
Slack : 49.500
TNS   : 0.000

Type  : Slow 1200mV 0C Model Setup 'n/a'
Slack : -5.167
TNS   : -327.304

Type  : Slow 1200mV 0C Model Setup 'The_System|system_pll|sys_pll|PLL_for_DE_Series_Boards|auto_generated|pll1|clk[0]'
Slack : -1.401
TNS   : -21.159

Type  : Slow 1200mV 0C Model Setup 'TD_CLK27'
Slack : 31.913
TNS   : 0.000

Type  : Slow 1200mV 0C Model Setup 'altera_reserved_tck'
Slack : 42.166
TNS   : 0.000

Type  : Slow 1200mV 0C Model Hold 'The_System|system_pll|sys_pll|PLL_for_DE_Series_Boards|auto_generated|pll1|clk[0]'
Slack : 0.350
TNS   : 0.000

Type  : Slow 1200mV 0C Model Hold 'altera_reserved_tck'
Slack : 0.375
TNS   : 0.000

Type  : Slow 1200mV 0C Model Hold 'TD_CLK27'
Slack : 0.377
TNS   : 0.000

Type  : Slow 1200mV 0C Model Recovery 'The_System|system_pll|sys_pll|PLL_for_DE_Series_Boards|auto_generated|pll1|clk[0]'
Slack : 12.949
TNS   : 0.000

Type  : Slow 1200mV 0C Model Recovery 'altera_reserved_tck'
Slack : 46.248
TNS   : 0.000

Type  : Slow 1200mV 0C Model Removal 'The_System|system_pll|sys_pll|PLL_for_DE_Series_Boards|auto_generated|pll1|clk[0]'
Slack : 1.063
TNS   : 0.000

Type  : Slow 1200mV 0C Model Removal 'altera_reserved_tck'
Slack : 1.509
TNS   : 0.000

Type  : Slow 1200mV 0C Model Minimum Pulse Width 'clk_dram'
Slack : 5.519
TNS   : 0.000

Type  : Slow 1200mV 0C Model Minimum Pulse Width 'The_System|system_pll|sys_pll|PLL_for_DE_Series_Boards|auto_generated|pll1|clk[0]'
Slack : 9.574
TNS   : 0.000

Type  : Slow 1200mV 0C Model Minimum Pulse Width 'CLOCK_50'
Slack : 9.882
TNS   : 0.000

Type  : Slow 1200mV 0C Model Minimum Pulse Width 'The_System|system_pll|sys_pll|PLL_for_DE_Series_Boards|auto_generated|pll1|clk[1]'
Slack : 9.912
TNS   : 0.000

Type  : Slow 1200mV 0C Model Minimum Pulse Width 'TD_CLK27'
Slack : 18.160
TNS   : 0.000

Type  : Slow 1200mV 0C Model Minimum Pulse Width 'clk_vga'
Slack : 35.233
TNS   : 0.000

Type  : Slow 1200mV 0C Model Minimum Pulse Width 'altera_reserved_tck'
Slack : 49.380
TNS   : 0.000

Type  : Fast 1200mV 0C Model Setup 'n/a'
Slack : -3.207
TNS   : -173.291

Type  : Fast 1200mV 0C Model Setup 'The_System|system_pll|sys_pll|PLL_for_DE_Series_Boards|auto_generated|pll1|clk[0]'
Slack : -1.342
TNS   : -20.454

Type  : Fast 1200mV 0C Model Setup 'TD_CLK27'
Slack : 34.666
TNS   : 0.000

Type  : Fast 1200mV 0C Model Setup 'altera_reserved_tck'
Slack : 46.653
TNS   : 0.000

Type  : Fast 1200mV 0C Model Hold 'The_System|system_pll|sys_pll|PLL_for_DE_Series_Boards|auto_generated|pll1|clk[0]'
Slack : 0.114
TNS   : 0.000

Type  : Fast 1200mV 0C Model Hold 'TD_CLK27'
Slack : 0.133
TNS   : 0.000

Type  : Fast 1200mV 0C Model Hold 'altera_reserved_tck'
Slack : 0.174
TNS   : 0.000

Type  : Fast 1200mV 0C Model Recovery 'The_System|system_pll|sys_pll|PLL_for_DE_Series_Boards|auto_generated|pll1|clk[0]'
Slack : 16.423
TNS   : 0.000

Type  : Fast 1200mV 0C Model Recovery 'altera_reserved_tck'
Slack : 48.423
TNS   : 0.000

Type  : Fast 1200mV 0C Model Removal 'The_System|system_pll|sys_pll|PLL_for_DE_Series_Boards|auto_generated|pll1|clk[0]'
Slack : 0.486
TNS   : 0.000

Type  : Fast 1200mV 0C Model Removal 'altera_reserved_tck'
Slack : 0.697
TNS   : 0.000

Type  : Fast 1200mV 0C Model Minimum Pulse Width 'clk_dram'
Slack : 6.000
TNS   : 0.000

Type  : Fast 1200mV 0C Model Minimum Pulse Width 'CLOCK_50'
Slack : 9.400
TNS   : 0.000

Type  : Fast 1200mV 0C Model Minimum Pulse Width 'The_System|system_pll|sys_pll|PLL_for_DE_Series_Boards|auto_generated|pll1|clk[0]'
Slack : 9.750
TNS   : 0.000

Type  : Fast 1200mV 0C Model Minimum Pulse Width 'The_System|system_pll|sys_pll|PLL_for_DE_Series_Boards|auto_generated|pll1|clk[1]'
Slack : 9.946
TNS   : 0.000

Type  : Fast 1200mV 0C Model Minimum Pulse Width 'TD_CLK27'
Slack : 17.725
TNS   : 0.000

Type  : Fast 1200mV 0C Model Minimum Pulse Width 'clk_vga'
Slack : 35.714
TNS   : 0.000

Type  : Fast 1200mV 0C Model Minimum Pulse Width 'altera_reserved_tck'
Slack : 49.298
TNS   : 0.000

------------------------------------------------------------
